// Vitest Snapshot v1, https://vitest.dev/guide/snapshot.html

exports[`PostDetail > renders correctly 1`] = `
<DocumentFragment>
  <div
    class="relative flex flex-col gap-4 animate-fadeInUp"
  >
    <div
      class="flex flex-col items-center gap-4"
    >
      <a
        href="/feed"
      >
        <svg
          class="stroke-gray-500 absolute mt-4 top-0 left-0 size-6 hover:stroke-gray-900"
          fill="none"
          stroke="currentColor"
          stroke-width="1.5"
          viewBox="0 0 24 24"
          xmlns="http://www.w3.org/2000/svg"
        >
          <path
            d="M15.75 19.5 8.25 12l7.5-7.5"
            stroke-linecap="round"
            stroke-linejoin="round"
          />
        </svg>
      </a>
      <img
        alt="user-avatar"
        class="w-24 h-24 rounded-full bg-gray-50"
        loading="lazy"
        src="https://api.dicebear.com/8.x/adventurer/svg?seed=Test User"
      />
      <span
        class="text-xl font-bold leading-6 text-gray-800"
      >
        Test User
      </span>
    </div>
    <article
      class="flex flex-col gap-4"
    >
      <h2
        class="text-lg font-semibold leading-6 text-gray-700 capitalize"
      >
        Test Post Title
      </h2>
      <p
        class="text-md leading-6 text-gray-900"
      >
        This is the body of the test post.
        <br />
        <br />
        This is the body of the test post.. This is the body of the test post..
      </p>
    </article>
  </div>
</DocumentFragment>
`;
